crawbilibilirun seccuss CrawlerbilibiliWed Mar 27 18:05:36 2019